2026-05-11 11:05:33 - cloned: none, percent: 0
2026-05-11 11:05:33 - Round 1: Remaining candidates: ['A', 'B']
2026-05-11 11:05:33 - {'A': np.float64(52.0), 'B': np.float64(48.0)}
2026-05-11 11:05:33 - Candidates with lowest diversity score: {'candidates': ['B'], 'score': np.float64(48.0)}
2026-05-11 11:05:33 - Dropping candidate: B
2026-05-11 11:05:33 - --------------------------------------------------
2026-05-11 11:05:33 - Round 2: Remaining candidates: ['A']
2026-05-11 11:05:33 - Round 1: Remaining candidates: ['A', 'B']
2026-05-11 11:05:33 - {'A': np.float64(52.0), 'B': np.float64(48.0)}
2026-05-11 11:05:33 - Candidates with lowest diversity score: {'candidates': ['B'], 'score': np.float64(48.0)}
2026-05-11 11:05:33 - Dropping candidate: B
2026-05-11 11:05:33 - --------------------------------------------------
2026-05-11 11:05:33 - Round 2: Remaining candidates: ['A']
2026-05-11 11:05:33 - Round 1: Remaining candidates: ['A', 'B']
2026-05-11 11:05:33 - {'A': np.float64(52.0), 'B': np.float64(48.0)}
2026-05-11 11:05:33 - Candidates with lowest diversity score: {'candidates': ['B'], 'score': np.float64(48.0)}
2026-05-11 11:05:33 - Dropping candidate: B
2026-05-11 11:05:33 - --------------------------------------------------
2026-05-11 11:05:33 - Round 2: Remaining candidates: ['A']
2026-05-11 11:05:33 - RUNNING SanFrancisco_11082016_BoardofSupervisorsDistrict1.csv
2026-05-11 11:05:33 - cloned: frozenset({'A'}), percent: 0.4
2026-05-11 11:05:33 - OM Round 1: Remaining candidates: ['Clone', 'A', 'B']
2026-05-11 11:05:33 - {'Clone': np.float64(121.0), 'A': np.float64(131.0), 'B': np.float64(96.0)}
2026-05-11 11:05:33 - Candidates with lowest diversity score: {'candidates': ['B'], 'score': np.float64(96.0)}
2026-05-11 11:05:33 - Dropping candidate: B
2026-05-11 11:05:33 - --------------------------------------------------
2026-05-11 11:05:33 - Round 2: Remaining candidates: ['Clone', 'A']
2026-05-11 11:05:33 - {'Clone': np.float64(21.0), 'A': np.float64(31.0)}
2026-05-11 11:05:33 - Candidates with lowest diversity score: {'candidates': ['Clone'], 'score': np.float64(21.0)}
2026-05-11 11:05:33 - Dropping candidate: Clone
2026-05-11 11:05:33 - --------------------------------------------------
2026-05-11 11:05:33 - Round 3: Remaining candidates: ['A']
2026-05-11 11:05:33 - AVG Round 1: Remaining candidates: ['Clone', 'A', 'B']
2026-05-11 11:05:33 - {'Clone': np.float64(97.0), 'A': np.float64(107.0), 'B': np.float64(96.0)}
2026-05-11 11:05:33 - Candidates with lowest diversity score: {'candidates': ['B'], 'score': np.float64(96.0)}
2026-05-11 11:05:33 - Dropping candidate: B
2026-05-11 11:05:33 - --------------------------------------------------
2026-05-11 11:05:33 - Round 2: Remaining candidates: ['Clone', 'A']
2026-05-11 11:05:33 - {'Clone': np.float64(21.0), 'A': np.float64(31.0)}
2026-05-11 11:05:33 - Candidates with lowest diversity score: {'candidates': ['Clone'], 'score': np.float64(21.0)}
2026-05-11 11:05:33 - Dropping candidate: Clone
2026-05-11 11:05:33 - --------------------------------------------------
2026-05-11 11:05:33 - Round 3: Remaining candidates: ['A']
2026-05-11 11:05:33 - PM Round 1: Remaining candidates: ['Clone', 'A', 'B']
2026-05-11 11:05:33 - {'Clone': np.float64(73.0), 'A': np.float64(83.0), 'B': np.float64(96.0)}
2026-05-11 11:05:33 - Candidates with lowest diversity score: {'candidates': ['Clone'], 'score': np.float64(73.0)}
2026-05-11 11:05:33 - Dropping candidate: Clone
2026-05-11 11:05:33 - --------------------------------------------------
2026-05-11 11:05:33 - Round 2: Remaining candidates: ['A', 'B']
2026-05-11 11:05:33 - {'A': np.float64(52.0), 'B': np.float64(48.0)}
2026-05-11 11:05:33 - Candidates with lowest diversity score: {'candidates': ['B'], 'score': np.float64(48.0)}
2026-05-11 11:05:33 - Dropping candidate: B
2026-05-11 11:05:33 - --------------------------------------------------
2026-05-11 11:05:33 - Round 3: Remaining candidates: ['A']
2026-05-11 11:05:33 - cloned: frozenset({'B'}), percent: 0.4
2026-05-11 11:05:33 - Round 1: Remaining candidates: ['A', 'Clone', 'B']
2026-05-11 11:05:33 - {'A': np.float64(104.0), 'Clone': np.float64(120.0), 'B': np.float64(128.0)}
2026-05-11 11:05:33 - Candidates with lowest diversity score: {'candidates': ['A'], 'score': np.float64(104.0)}
2026-05-11 11:05:33 - Dropping candidate: A
2026-05-11 11:05:33 - --------------------------------------------------
2026-05-11 11:05:33 - Round 2: Remaining candidates: ['Clone', 'B']
2026-05-11 11:05:33 - {'Clone': np.float64(20.0), 'B': np.float64(28.0)}
2026-05-11 11:05:33 - Candidates with lowest diversity score: {'candidates': ['Clone'], 'score': np.float64(20.0)}
2026-05-11 11:05:33 - Dropping candidate: Clone
2026-05-11 11:05:33 - --------------------------------------------------
2026-05-11 11:05:33 - Round 3: Remaining candidates: ['B']
2026-05-11 11:05:33 - Round 1: Remaining candidates: ['A', 'Clone', 'B']
2026-05-11 11:05:33 - {'A': np.float64(104.0), 'Clone': np.float64(94.0), 'B': np.float64(102.0)}
2026-05-11 11:05:33 - Candidates with lowest diversity score: {'candidates': ['Clone'], 'score': np.float64(94.0)}
2026-05-11 11:05:33 - Dropping candidate: Clone
2026-05-11 11:05:33 - --------------------------------------------------
2026-05-11 11:05:33 - Round 2: Remaining candidates: ['A', 'B']
2026-05-11 11:05:33 - {'A': np.float64(52.0), 'B': np.float64(48.0)}
2026-05-11 11:05:33 - Candidates with lowest diversity score: {'candidates': ['B'], 'score': np.float64(48.0)}
2026-05-11 11:05:33 - Dropping candidate: B
2026-05-11 11:05:33 - --------------------------------------------------
2026-05-11 11:05:33 - Round 3: Remaining candidates: ['A']
2026-05-11 11:05:33 - Round 1: Remaining candidates: ['A', 'Clone', 'B']
2026-05-11 11:05:33 - {'A': np.float64(104.0), 'Clone': np.float64(68.0), 'B': np.float64(76.0)}
2026-05-11 11:05:33 - Candidates with lowest diversity score: {'candidates': ['Clone'], 'score': np.float64(68.0)}
2026-05-11 11:05:33 - Dropping candidate: Clone
2026-05-11 11:05:33 - --------------------------------------------------
2026-05-11 11:05:33 - Round 2: Remaining candidates: ['A', 'B']
2026-05-11 11:05:33 - {'A': np.float64(52.0), 'B': np.float64(48.0)}
2026-05-11 11:05:33 - Candidates with lowest diversity score: {'candidates': ['B'], 'score': np.float64(48.0)}
2026-05-11 11:05:33 - Dropping candidate: B
2026-05-11 11:05:33 - --------------------------------------------------
2026-05-11 11:05:33 - Round 3: Remaining candidates: ['A']
